[15/May/2025:11:39:27 +0900] 0:0:0:0:0:0:0:1 GET /test/general/receipts/approval/3/escalate HTTP/1.1 405 (152841 microseconds)
[15/May/2025:11:39:34 +0900] 0:0:0:0:0:0:0:1 POST /test/general/receipts/approval/3/escalate HTTP/1.1 500 (558714 microseconds)
[15/May/2025:11:41:45 +0900] 0:0:0:0:0:0:0:1 POST /test/general/receipts/approval/3/escalate HTTP/1.1 500 (645873 microseconds)
[15/May/2025:11:42:33 +0900] 0:0:0:0:0:0:0:1 POST /test/general/receipts/approval/3/escalate HTTP/1.1 500 (841355 microseconds)
[15/May/2025:11:43:59 +0900] 0:0:0:0:0:0:0:1 POST /test/general/receipts/approval/3/escalate HTTP/1.1 500 (865424 microseconds)
[15/May/2025:13:05:46 +0900] 0:0:0:0:0:0:0:1 POST /test/general/receipts/approval/3/escalate HTTP/1.1 500 (4865151750 microseconds)
[15/May/2025:13:08:45 +0900] 0:0:0:0:0:0:0:1 POST /test/general/receipts/approval/3/escalate HTTP/1.1 500 (798561 microseconds)
[15/May/2025:13:09:05 +0900] 0:0:0:0:0:0:0:1 POST /test/general/receipts/approval/3/escalate HTTP/1.1 500 (892708 microseconds)
[15/May/2025:13:09:44 +0900] 0:0:0:0:0:0:0:1 POST /test/general/receipts/approval/3/escalate HTTP/1.1 500 (4976245 microseconds)
[15/May/2025:13:11:47 +0900] 0:0:0:0:0:0:0:1 POST /test/general/receipts/approval/3/escalate HTTP/1.1 500 (13707928 microseconds)
[15/May/2025:13:13:06 +0900] 0:0:0:0:0:0:0:1 POST /test/general/receipts/approval/3/escalate HTTP/1.1 500 (8354373 microseconds)
[15/May/2025:13:15:31 +0900] 0:0:0:0:0:0:0:1 POST /test/general/receipts/approval/3/escalate HTTP/1.1 500 (549399 microseconds)
[15/May/2025:13:16:20 +0900] 0:0:0:0:0:0:0:1 POST /test/general/receipts/approval/3/escalate HTTP/1.1 500 (552074 microseconds)
[15/May/2025:13:16:40 +0900] 0:0:0:0:0:0:0:1 POST /test/general/receipts/approval/3/escalate HTTP/1.1 500 (6712707 microseconds)
[15/May/2025:13:17:25 +0900] 0:0:0:0:0:0:0:1 POST /test/general/receipts/approval/3/escalate HTTP/1.1 500 (6501215 microseconds)
[15/May/2025:13:18:19 +0900] 0:0:0:0:0:0:0:1 POST /test/general/receipts/approval/3/escalate HTTP/1.1 500 (11826369 microseconds)
[15/May/2025:13:19:30 +0900] 0:0:0:0:0:0:0:1 POST /test/general/receipts/approval/3/escalate HTTP/1.1 200 (6841664 microseconds)
[15/May/2025:13:41:03 +0900] 0:0:0:0:0:0:0:1 GET /test/general/receipts/approval/3/approve HTTP/1.1 405 (119288 microseconds)
[15/May/2025:13:41:10 +0900] 0:0:0:0:0:0:0:1 POST /test/general/receipts/approval/3/approve HTTP/1.1 400 (6449 microseconds)
[15/May/2025:13:41:25 +0900] 0:0:0:0:0:0:0:1 POST /test/general/receipts/approval/3/approve HTTP/1.1 400 (3062 microseconds)
[15/May/2025:13:41:35 +0900] 0:0:0:0:0:0:0:1 POST /test/general/receipts/approval/3/approve HTTP/1.1 400 (14076 microseconds)
[15/May/2025:13:41:59 +0900] 0:0:0:0:0:0:0:1 POST /test/general/receipts/approval/3/approve HTTP/1.1 500 (705380 microseconds)
[15/May/2025:13:43:52 +0900] 0:0:0:0:0:0:0:1 POST /test/general/receipts/approval/3/escalate HTTP/1.1 200 (3289105 microseconds)
[15/May/2025:13:44:56 +0900] 0:0:0:0:0:0:0:1 POST /test/general/receipts/approval/3/escalate HTTP/1.1 200 (868493 microseconds)
[15/May/2025:13:46:14 +0900] 0:0:0:0:0:0:0:1 POST /test/general/receipts/approval/3/approve HTTP/1.1 500 (680138 microseconds)
[15/May/2025:13:47:08 +0900] 0:0:0:0:0:0:0:1 POST /test/general/receipts/approval/3/approve HTTP/1.1 500 (1361928 microseconds)
[15/May/2025:15:17:06 +0900] 0:0:0:0:0:0:0:1 POST /test/general/receipts/approval/3/approve HTTP/1.1 500 (695933 microseconds)
[15/May/2025:15:17:59 +0900] 0:0:0:0:0:0:0:1 POST /test/general/receipts/approval/3/approve HTTP/1.1 500 (637772 microseconds)
[15/May/2025:15:19:15 +0900] 0:0:0:0:0:0:0:1 POST /test/general/receipts/approval/3/approve HTTP/1.1 200 (18040667 microseconds)
[15/May/2025:15:22:03 +0900] 0:0:0:0:0:0:0:1 POST /test/general/receipts/approval/3/reject HTTP/1.1 200 (7745293 microseconds)
[15/May/2025:15:43:27 +0900] 0:0:0:0:0:0:0:1 POST /test/general/receipts/approval/3/escalate HTTP/1.1 200 (252866 microseconds)
[15/May/2025:15:44:54 +0900] 0:0:0:0:0:0:0:1 POST /test/general/receipts/approval/3/reject HTTP/1.1 200 (17893 microseconds)
[15/May/2025:15:46:43 +0900] 0:0:0:0:0:0:0:1 POST /test/general/receipts/approval/3/approve HTTP/1.1 200 (883059 microseconds)
[15/May/2025:16:19:44 +0900] 0:0:0:0:0:0:0:1 POST /test/general/receipts/approval/3/escalate HTTP/1.1 404 (193790 microseconds)
[15/May/2025:16:19:56 +0900] 0:0:0:0:0:0:0:1 POST /test/general/receipts/3/escalate HTTP/1.1 200 (649688 microseconds)
[15/May/2025:16:20:22 +0900] 0:0:0:0:0:0:0:1 POST /test/general/receipts/3/reject HTTP/1.1 200 (36025 microseconds)
[15/May/2025:16:20:35 +0900] 0:0:0:0:0:0:0:1 POST /test/general/receipts/3/approve HTTP/1.1 200 (12387 microseconds)
